
********************************************************************************
Last login: Wed Feb 25 04:12:46 2026 from 35.229.61.52
root@srv1365851:~# cd /path/to/your/taxportal
-bash: cd: /path/to/your/taxportal: No such file or directory
root@srv1365851:~# cd /path/to/your/taxportal
-bash: cd: /path/to/your/taxportal: No such file or directory
root@srv1365851:~# find / -name "dist" -type d 2>/dev/null | grep -i tax
/var/www/taxportal/node_modules/get-tsconfig/dist
/var/www/taxportal/node_modules/qs/dist
/var/www/taxportal/node_modules/react-hook-form/dist
/var/www/taxportal/node_modules/d3-format/dist
/var/www/taxportal/node_modules/react-day-picker/dist
/var/www/taxportal/node_modules/dlv/dist
/var/www/taxportal/node_modules/react-dropzone/dist
/var/www/taxportal/node_modules/internmap/dist
/var/www/taxportal/node_modules/aria-hidden/dist
/var/www/taxportal/node_modules/pg-protocol/dist
/var/www/taxportal/node_modules/d3-color/dist
/var/www/taxportal/node_modules/cmdk/dist
/var/www/taxportal/node_modules/resolve-pkg-maps/dist
/var/www/taxportal/node_modules/tw-animate-css/dist
/var/www/taxportal/node_modules/framer-motion/dist
/var/www/taxportal/node_modules/lucide-react/dist
/var/www/taxportal/node_modules/d3-shape/dist
/var/www/taxportal/node_modules/next-themes/dist
/var/www/taxportal/node_modules/class-variance-authority/dist
/var/www/taxportal/node_modules/@floating-ui/core/dist
/var/www/taxportal/node_modules/@floating-ui/dom/dist
/var/www/taxportal/node_modules/@floating-ui/utils/dist
/var/www/taxportal/node_modules/@floating-ui/react-dom/dist
/var/www/taxportal/node_modules/file-selector/dist
/var/www/taxportal/node_modules/pg-node-migrations/dist
/var/www/taxportal/node_modules/react-signature-canvas/dist
/var/www/taxportal/node_modules/tsx/dist
/var/www/taxportal/node_modules/react-transition-group/dist
/var/www/taxportal/node_modules/jose/dist
/var/www/taxportal/node_modules/input-otp/dist
/var/www/taxportal/node_modules/d3-ease/dist
/var/www/taxportal/node_modules/pg-cloudflare/dist
/var/www/taxportal/node_modules/tinyglobby/node_modules/fdir/dist
/var/www/taxportal/node_modules/tinyglobby/dist
/var/www/taxportal/node_modules/@dnd-kit/core/dist
/var/www/taxportal/node_modules/@dnd-kit/utilities/dist
/var/www/taxportal/node_modules/@dnd-kit/accessibility/dist
/var/www/taxportal/node_modules/@dnd-kit/sortable/dist
/var/www/taxportal/node_modules/react-style-singleton/dist
/var/www/taxportal/node_modules/fast-equals/dist
/var/www/taxportal/node_modules/tiny-invariant/dist
/var/www/taxportal/node_modules/ts-interface-checker/dist
/var/www/taxportal/node_modules/@radix-ui/react-use-rect/dist
/var/www/taxportal/node_modules/@radix-ui/react-presence/dist
/var/www/taxportal/node_modules/@radix-ui/react-slider/dist
/var/www/taxportal/node_modules/@radix-ui/react-menu/node_modules/@radix-ui/react-slot/dist
/var/www/taxportal/node_modules/@radix-ui/react-menu/dist
/var/www/taxportal/node_modules/@radix-ui/react-direction/dist
/var/www/taxportal/node_modules/@radix-ui/react-context-menu/dist
/var/www/taxportal/node_modules/@radix-ui/react-dialog/node_modules/@radix-ui/react-slot/dist
/var/www/taxportal/node_modules/@radix-ui/react-dialog/dist
/var/www/taxportal/node_modules/@radix-ui/react-id/dist
/var/www/taxportal/node_modules/@radix-ui/react-compose-refs/dist
/var/www/taxportal/node_modules/@radix-ui/react-popover/node_modules/@radix-ui/react-slot/dist
/var/www/taxportal/node_modules/@radix-ui/react-popover/dist
/var/www/taxportal/node_modules/@radix-ui/react-use-layout-effect/dist
/var/www/taxportal/node_modules/@radix-ui/react-use-previous/dist
/var/www/taxportal/node_modules/@radix-ui/react-switch/dist
/var/www/taxportal/node_modules/@radix-ui/react-primitive/node_modules/@radix-ui/react-slot/dist
/var/www/taxportal/node_modules/@radix-ui/react-primitive/dist
/var/www/taxportal/node_modules/@radix-ui/primitive/dist
/var/www/taxportal/node_modules/@radix-ui/react-use-callback-ref/dist
/var/www/taxportal/node_modules/@radix-ui/react-toast/dist
/var/www/taxportal/node_modules/@radix-ui/number/dist
/var/www/taxportal/node_modules/@radix-ui/react-use-escape-keydown/dist
/var/www/taxportal/node_modules/@radix-ui/react-hover-card/dist
/var/www/taxportal/node_modules/@radix-ui/react-tooltip/node_modules/@radix-ui/react-slot/dist
/var/www/taxportal/node_modules/@radix-ui/react-tooltip/dist
/var/www/taxportal/node_modules/@radix-ui/react-avatar/node_modules/@radix-ui/react-primitive/dist
/var/www/taxportal/node_modules/@radix-ui/react-avatar/node_modules/@radix-ui/react-context/dist
/var/www/taxportal/node_modules/@radix-ui/react-avatar/dist
/var/www/taxportal/node_modules/@radix-ui/react-progress/node_modules/@radix-ui/react-primitive/dist
/var/www/taxportal/node_modules/@radix-ui/react-progress/node_modules/@radix-ui/react-context/dist
/var/www/taxportal/node_modules/@radix-ui/react-progress/dist
/var/www/taxportal/node_modules/@radix-ui/react-toggle/dist
/var/www/taxportal/node_modules/@radix-ui/react-focus-guards/dist
/var/www/taxportal/node_modules/@radix-ui/react-navigation-menu/dist
/var/www/taxportal/node_modules/@radix-ui/rect/dist
/var/www/taxportal/node_modules/@radix-ui/react-portal/dist
/var/www/taxportal/node_modules/@radix-ui/react-visually-hidden/dist
/var/www/taxportal/node_modules/@radix-ui/react-checkbox/dist
/var/www/taxportal/node_modules/@radix-ui/react-dropdown-menu/dist
/var/www/taxportal/node_modules/@radix-ui/react-accordion/dist
/var/www/taxportal/node_modules/@radix-ui/react-context/dist
/var/www/taxportal/node_modules/@radix-ui/react-menubar/dist
/var/www/taxportal/node_modules/@radix-ui/react-select/node_modules/@radix-ui/react-slot/dist
/var/www/taxportal/node_modules/@radix-ui/react-select/dist
/var/www/taxportal/node_modules/@radix-ui/react-separator/node_modules/@radix-ui/react-primitive/dist
/var/www/taxportal/node_modules/@radix-ui/react-separator/dist
/var/www/taxportal/node_modules/@radix-ui/react-aspect-ratio/node_modules/@radix-ui/react-primitive/dist
/var/www/taxportal/node_modules/@radix-ui/react-aspect-ratio/dist
/var/www/taxportal/node_modules/@radix-ui/react-label/node_modules/@radix-ui/react-primitive/dist
/var/www/taxportal/node_modules/@radix-ui/react-label/dist
/var/www/taxportal/node_modules/@radix-ui/react-collection/node_modules/@radix-ui/react-slot/dist
/var/www/taxportal/node_modules/@radix-ui/react-collection/dist
/var/www/taxportal/node_modules/@radix-ui/react-slot/dist
/var/www/taxportal/node_modules/@radix-ui/react-use-controllable-state/dist
/var/www/taxportal/node_modules/@radix-ui/react-use-effect-event/dist
/var/www/taxportal/node_modules/@radix-ui/react-radio-group/dist
/var/www/taxportal/node_modules/@radix-ui/react-use-is-hydrated/dist
/var/www/taxportal/node_modules/@radix-ui/react-scroll-area/dist
/var/www/taxportal/node_modules/@radix-ui/react-popper/dist
/var/www/taxportal/node_modules/@radix-ui/react-roving-focus/dist
/var/www/taxportal/node_modules/@radix-ui/react-tabs/dist
/var/www/taxportal/node_modules/@radix-ui/react-collapsible/dist
/var/www/taxportal/node_modules/@radix-ui/react-alert-dialog/node_modules/@radix-ui/react-slot/dist
/var/www/taxportal/node_modules/@radix-ui/react-alert-dialog/dist
/var/www/taxportal/node_modules/@radix-ui/react-toggle-group/dist
/var/www/taxportal/node_modules/@radix-ui/react-arrow/dist
/var/www/taxportal/node_modules/@radix-ui/react-use-size/dist
/var/www/taxportal/node_modules/@radix-ui/react-dismissable-layer/dist
/var/www/taxportal/node_modules/@radix-ui/react-focus-scope/dist
/var/www/taxportal/node_modules/regexparam/dist
/var/www/taxportal/node_modules/react-remove-scroll-bar/dist
/var/www/taxportal/node_modules/d3-interpolate/dist
/var/www/taxportal/node_modules/sucrase/dist
/var/www/taxportal/node_modules/motion-dom/dist
/var/www/taxportal/node_modules/attr-accept/dist
/var/www/taxportal/node_modules/motion-utils/dist
/var/www/taxportal/node_modules/object-hash/dist
/var/www/taxportal/node_modules/clsx/dist
/var/www/taxportal/node_modules/postcss-nested/node_modules/postcss-selector-parser/dist
/var/www/taxportal/node_modules/mitt/dist
/var/www/taxportal/node_modules/@jridgewell/sourcemap-codec/dist
/var/www/taxportal/node_modules/@jridgewell/trace-mapping/dist
/var/www/taxportal/node_modules/@jridgewell/gen-mapping/dist
/var/www/taxportal/node_modules/@jridgewell/resolve-uri/dist
/var/www/taxportal/node_modules/@hookform/resolvers/ajv/dist
/var/www/taxportal/node_modules/@hookform/resolvers/vine/dist
/var/www/taxportal/node_modules/@hookform/resolvers/superstruct/dist
/var/www/taxportal/node_modules/@hookform/resolvers/dist
/var/www/taxportal/node_modules/@hookform/resolvers/yup/dist
/var/www/taxportal/node_modules/@hookform/resolvers/typeschema/dist
/var/www/taxportal/node_modules/@hookform/resolvers/zod/dist
/var/www/taxportal/node_modules/@hookform/resolvers/joi/dist
/var/www/taxportal/node_modules/@hookform/resolvers/valibot/dist
/var/www/taxportal/node_modules/@hookform/resolvers/vest/dist
/var/www/taxportal/node_modules/@hookform/resolvers/nope/dist
/var/www/taxportal/node_modules/@hookform/resolvers/typebox/dist
/var/www/taxportal/node_modules/@hookform/resolvers/typanion/dist
/var/www/taxportal/node_modules/@hookform/resolvers/arktype/dist
/var/www/taxportal/node_modules/@hookform/resolvers/class-validator/dist
/var/www/taxportal/node_modules/@hookform/resolvers/io-ts/dist
/var/www/taxportal/node_modules/@hookform/resolvers/fluentvalidation-ts/dist
/var/www/taxportal/node_modules/@hookform/resolvers/effect-ts/dist
/var/www/taxportal/node_modules/@hookform/resolvers/computed-types/dist
/var/www/taxportal/node_modules/react-resizable-panels/dist
/var/www/taxportal/node_modules/d3-path/dist
/var/www/taxportal/node_modules/d3-scale/dist
/var/www/taxportal/node_modules/react-remove-scroll/dist
/var/www/taxportal/node_modules/d3-time-format/dist
/var/www/taxportal/node_modules/stripe-replit-sync/dist
/var/www/taxportal/node_modules/d3-timer/dist
/var/www/taxportal/node_modules/d3-time/dist
/var/www/taxportal/node_modules/get-nonce/dist
/var/www/taxportal/node_modules/tailwindcss/node_modules/postcss-selector-parser/dist
/var/www/taxportal/node_modules/tailwindcss/node_modules/jiti/dist
/var/www/taxportal/node_modules/signature_pad/dist
/var/www/taxportal/node_modules/use-sidecar/dist
/var/www/taxportal/node_modules/use-callback-ref/dist
/var/www/taxportal/node_modules/jiti/dist
/var/www/taxportal/node_modules/tailwind-merge/dist
/var/www/taxportal/node_modules/d3-array/dist
/var/www/taxportal/node_modules/vaul/dist
/var/www/taxportal/dist
root@srv1365851:~# ls /root/
dist  index.cjs
root@srv1365851:~# ls /var/www/
christmas-bonus  christmas-bonus-deploy  client-queue-manager  html  meetingroadmap  office-inventory  office-inventory-deploy  package.json  taxportal
root@srv1365851:~# 